// Vitest Snapshot v1, https://vitest.dev/guide/snapshot.html

exports[`ROUTE_META integrity (canonical SEO source) > snapshot captures ROUTE_META for regression detection 1`] = `
{
  "about": {
    "changefreq": "monthly",
    "descI18nKey": "aboutpage:meta.description",
    "en": {
      "description": "Learn about Ezequiel Fernández, a Full Stack Developer with experience in React, TypeScript, Node.js, and clean architecture. Portfolio, projects, and professional experience.",
      "keywords": [
        "about",
        "full stack developer",
        "react",
        "typescript",
        "experience",
        "cv",
      ],
      "title": "About Me | Ezequiel Fernández, Full Stack Developer",
    },
    "es": {
      "description": "Conocé a Ezequiel Fernández, Desarrollador Full Stack con experiencia en React, TypeScript, Node.js y arquitectura limpia. Portfolio, proyectos y experiencia profesional.",
      "keywords": [
        "sobre mí",
        "desarrollador full stack",
        "react",
        "typescript",
        "experiencia",
        "cv",
      ],
      "title": "Sobre mí | Ezequiel Fernández, Full Stack Developer",
    },
    "ogImage": "/og-image.png",
    "pathname": "/about",
    "priority": 0.8,
    "schemaType": "AboutPage",
    "titleI18nKey": "aboutpage:meta.title",
  },
  "contact": {
    "changefreq": "monthly",
    "descI18nKey": "contact:meta.contact.description",
    "en": {
      "description": "Get in touch with Ezequiel Fernández for team opportunities, technical collaborations, or freelance projects. 24h response time.",
      "keywords": [
        "contact",
        "full stack developer",
        "hire",
        "freelance",
        "collaboration",
      ],
      "title": "Contact | Ezequiel Fernández, Full Stack Developer",
    },
    "es": {
      "description": "Contactá a Ezequiel Fernández para oportunidades de equipo, colaboraciones técnicas o proyectos freelance. Respuesta en 24 horas.",
      "keywords": [
        "contacto",
        "desarrollador full stack",
        "contratación",
        "freelance",
        "colaboración",
      ],
      "title": "Contacto | Ezequiel Fernández, Full Stack Developer",
    },
    "ogImage": "/og-image.png",
    "pathname": "/contact",
    "priority": 0.6,
    "schemaType": "ContactPage",
    "titleI18nKey": "contact:meta.contact.title",
  },
  "home": {
    "changefreq": "daily",
    "descI18nKey": "home:meta.description",
    "en": {
      "description": "Full Stack Developer specializing in React, Node.js, TypeScript and PostgreSQL. Explore my portfolio, projects, and case studies.",
      "keywords": [
        "full stack developer",
        "react",
        "node.js",
        "typescript",
        "portfolio",
        "web development",
      ],
      "title": "Ezequiel Fernández | Full Stack Developer | Personal Portfolio",
    },
    "es": {
      "description": "Desarrollador Full Stack especializado en React, Node.js, TypeScript y PostgreSQL. Conocé mi portfolio, proyectos y case studies.",
      "keywords": [
        "desarrollador full stack",
        "react",
        "node.js",
        "typescript",
        "portfolio",
        "desarrollo web",
      ],
      "title": "Ezequiel Fernández | Full Stack Developer | Portfolio Personal",
    },
    "ogImage": "/og-image.png",
    "pathname": "/home",
    "priority": 1,
    "schemaType": "WebPage",
    "titleI18nKey": "home:meta.title",
  },
  "not-found": {
    "changefreq": "yearly",
    "descI18nKey": "notfoundpage:meta.description",
    "en": {
      "description": "The page you're looking for doesn't exist. Return to the homepage.",
      "keywords": [
        "404",
        "not found",
        "page not found",
      ],
      "title": "Page Not Found | Ezequiel Fernández",
    },
    "es": {
      "description": "La página que buscas no existe. Volvé al inicio.",
      "keywords": [
        "404",
        "no encontrada",
        "página no encontrada",
      ],
      "title": "Página No Encontrada | Ezequiel Fernández",
    },
    "noIndex": true,
    "ogImage": "/og-image.png",
    "pathname": "/not-found",
    "priority": 0.1,
    "schemaType": "WebPage",
    "titleI18nKey": "notfoundpage:meta.title",
  },
  "privacy": {
    "changefreq": "yearly",
    "descI18nKey": "privacy:meta.description",
    "en": {
      "description": "Privacy policy for Ezequiel Fernández's portfolio website. Information about data collection, cookies, and user rights.",
      "keywords": [
        "privacy policy",
        "data protection",
        "cookies",
        "portfolio",
      ],
      "title": "Privacy Policy | Ezequiel Fernández",
    },
    "es": {
      "description": "Política de privacidad del portfolio de Ezequiel Fernández. Información sobre recolección de datos, cookies y derechos del usuario.",
      "keywords": [
        "política de privacidad",
        "protección de datos",
        "cookies",
        "portfolio",
      ],
      "title": "Política de Privacidad | Ezequiel Fernández",
    },
    "ogImage": "/og-image.png",
    "pathname": "/privacy",
    "priority": 0.3,
    "schemaType": "WebPage",
    "titleI18nKey": "privacy:meta.title",
  },
  "projects": {
    "changefreq": "weekly",
    "descI18nKey": "projects:meta.description",
    "en": {
      "description": "Explore my portfolio of projects built with React, Node.js, TypeScript, and PostgreSQL. From multi-tenant SaaS platforms to AI tools and dashboards.",
      "keywords": [
        "projects",
        "react",
        "node.js",
        "typescript",
        "portfolio",
        "open source",
        "web development",
      ],
      "title": "Projects | Ezequiel Fernández | Full Stack Developer",
    },
    "es": {
      "description": "Explorá mi portfolio de proyectos construidos con React, Node.js, TypeScript y PostgreSQL. Desde SaaS multi-tenant hasta herramientas con IA y dashboards.",
      "keywords": [
        "proyectos",
        "react",
        "node.js",
        "typescript",
        "portfolio",
        "open source",
        "desarrollo web",
      ],
      "title": "Proyectos | React, Node.js, TypeScript | Ezequiel Fernández",
    },
    "ogImage": "/og-image.png",
    "pathname": "/projects",
    "priority": 0.9,
    "schemaType": "CollectionPage",
    "titleI18nKey": "projects:meta.title",
  },
  "projects/chefcitoia": {
    "changefreq": "monthly",
    "descI18nKey": "chefcitoiacasestudy:meta.description",
    "en": {
      "description": "AI-powered recipe generator built with React and TypeScript. Turn ingredients into practical meal ideas with Zod validation.",
      "keywords": [
        "chefcitoia",
        "ai recipe generator",
        "react",
        "typescript",
        "zod",
        "portfolio",
      ],
      "title": "ChefcitoIA | AI Recipe Generator | Ezequiel Fernández",
    },
    "es": {
      "description": "Generador de recetas con IA construido con React y TypeScript. Convertí ingredientes en ideas de comidas con validación Zod.",
      "keywords": [
        "chefcitoia",
        "generador recetas ia",
        "react",
        "typescript",
        "zod",
        "portfolio",
      ],
      "title": "ChefcitoIA | Generador de Recetas con IA | Ezequiel Fernández",
    },
    "ogImage": "/og-image.png",
    "pathname": "/projects/chefcitoia",
    "priority": 0.7,
    "schemaType": "WebPage",
    "titleI18nKey": "chefcitoiacasestudy:meta.title",
  },
  "projects/cinelab": {
    "changefreq": "monthly",
    "descI18nKey": "cinelabcasestudy:meta.description",
    "en": {
      "description": "Movie Search App built with React, TypeScript and TMDB API. Features search, filters, persistent favorites, and dynamic recommendations.",
      "keywords": [
        "cinelab",
        "movie app",
        "react",
        "typescript",
        "tmdb",
        "portfolio project",
      ],
      "title": "CineLab | Movie Search App | Ezequiel Fernández",
    },
    "es": {
      "description": "Movie Search App construida con React, TypeScript y la API de TMDB. Búsqueda, filtros, favoritos persistentes y recomendaciones dinámicas.",
      "keywords": [
        "cinelab",
        "movie app",
        "react",
        "typescript",
        "tmdb",
        "proyecto portfolio",
      ],
      "title": "CineLab | Movie Search App | Ezequiel Fernández",
    },
    "ogImage": "/og-image.png",
    "pathname": "/projects/cinelab",
    "priority": 0.7,
    "schemaType": "WebPage",
    "titleI18nKey": "cinelabcasestudy:meta.title",
  },
  "projects/context-bridge": {
    "changefreq": "monthly",
    "descI18nKey": "contextbridgecasestudy:meta.description",
    "en": {
      "description": "Slack bot with multi-source search and AI-powered response synthesis. MCP Server Pattern with JSON-RPC 2.0, 4 parallel sources with individual timeouts, graceful degradation, and Zod validation.",
      "keywords": [
        "context bridge",
        "slack bot",
        "mcp",
        "ai",
        "typescript",
        "groq",
        "hackathon",
      ],
      "title": "Context Bridge | Multi-Source Search Slack Bot | Ezequiel Fernández",
    },
    "es": {
      "description": "Slack bot con búsqueda multi-fuente y síntesis por IA. MCP Server Pattern con JSON-RPC 2.0, 4 fuentes en paralelo con timeout individual, degradación elegante y validación Zod.",
      "keywords": [
        "context bridge",
        "slack bot",
        "mcp",
        "ia",
        "typescript",
        "groq",
        "hackathon",
      ],
      "title": "Context Bridge | Slack Bot con Búsqueda Multi-Fuente | Ezequiel Fernández",
    },
    "ogImage": "/og-image.png",
    "pathname": "/projects/context-bridge",
    "priority": 0.7,
    "schemaType": "WebPage",
    "titleI18nKey": "contextbridgecasestudy:meta.title",
  },
  "projects/echolog": {
    "changefreq": "monthly",
    "descI18nKey": "echologcasestudy:meta.description",
    "en": {
      "description": "Multi-tenant customer feedback SaaS built with React 19, Node.js, Express, PostgreSQL. Boards, voting, comments, and workspaces.",
      "keywords": [
        "echolog",
        "saas",
        "feedback",
        "react",
        "node.js",
        "postgresql",
        "multi-tenant",
      ],
      "title": "EchoLog | Multi-tenant Feedback SaaS | Ezequiel Fernández",
    },
    "es": {
      "description": "SaaS multi-tenant de feedback para productos construido con React 19, Node.js, Express, PostgreSQL. Boards, votos, comentarios y workspaces.",
      "keywords": [
        "echolog",
        "saas",
        "feedback",
        "react",
        "node.js",
        "postgresql",
        "multi-tenant",
      ],
      "title": "EchoLog | SaaS de Feedback Multi-tenant | Ezequiel Fernández",
    },
    "ogImage": "/og-image.png",
    "pathname": "/projects/echolog",
    "priority": 0.7,
    "schemaType": "WebPage",
    "titleI18nKey": "echologcasestudy:meta.title",
  },
  "projects/egg-demo": {
    "changefreq": "monthly",
    "descI18nKey": "eggdemocasestudy:meta.description",
    "en": {
      "description": "Functional AI Readiness Diagnostic MVP built as an outreach tool for Egg.live. Interactive quiz, automated scoring with 40+ tests, Groq AI recommendations, radar chart, exportable PDF and lead capture. Stack: React 19, Express 5, Prisma, PostgreSQL, strict TypeScript.",
      "keywords": [
        "AI readiness diagnostic",
        "Egg.live edtech",
        "React 19",
        "Express 5",
        "Prisma ORM",
        "Groq AI",
        "strict TypeScript",
        "technical outreach",
      ],
      "title": "Egg AI Readiness Diagnostic | Full-stack React + Express MVP | Ezequiel Fernández",
    },
    "es": {
      "description": "MVP funcional de diagnóstico de madurez en IA creado como herramienta de outreach para Egg.live. Quiz interactivo, scoring automatizado con 40+ tests, recomendaciones con Groq AI, radar chart, PDF exportable y captura de leads. Stack: React 19, Express 5, Prisma, PostgreSQL, TypeScript strict.",
      "keywords": [
        "diagnóstico madurez IA",
        "Egg.live",
        "React 19",
        "Express 5",
        "Prisma",
        "Groq AI",
        "TypeScript strict",
        "outreach técnico",
      ],
      "title": "Egg AI Readiness Diagnostic | MVP React + Express | Ezequiel Fernández",
    },
    "ogImage": "/og-image.png",
    "pathname": "/projects/egg-demo",
    "priority": 0.7,
    "schemaType": "WebPage",
    "titleI18nKey": "eggdemocasestudy:meta.title",
  },
  "projects/geo-seo-opencode": {
    "changefreq": "monthly",
    "descI18nKey": "geoseoopencodecasestudy:meta.description",
    "en": {
      "description": "GEO-SEO skill for OpenCode/Claude that optimizes websites for AI-powered search engines. Node.js, Commander, automated analysis.",
      "keywords": [
        "geo-seo",
        "opencode",
        "ai seo",
        "claude",
        "node.js",
        "skill",
      ],
      "title": "Geo-SEO OpenCode | AI SEO Skill | Ezequiel Fernández",
    },
    "es": {
      "description": "Skill de GEO-SEO para OpenCode/Claude que optimiza sitios web para buscadores impulsados por IA. Node.js, Commander, análisis automatizado.",
      "keywords": [
        "geo-seo",
        "opencode",
        "seo ia",
        "claude",
        "node.js",
        "skill",
      ],
      "title": "Geo-SEO OpenCode | Skill SEO para Buscadores con IA | Ezequiel Fernández",
    },
    "ogImage": "/og-image.png",
    "pathname": "/projects/geo-seo-opencode",
    "priority": 0.7,
    "schemaType": "WebPage",
    "titleI18nKey": "geoseoopencodecasestudy:meta.title",
  },
  "projects/movie-dashboard": {
    "changefreq": "monthly",
    "descI18nKey": "moviedashboardcasestudy:meta.description",
    "en": {
      "description": "SPA dashboard for movie catalog management with CRUD, Supabase auth, React Query, and modular architecture.",
      "keywords": [
        "movie dashboard",
        "react",
        "supabase",
        "react query",
        "crud",
        "typescript",
      ],
      "title": "Movie Management Dashboard | Ezequiel Fernández",
    },
    "es": {
      "description": "Dashboard SPA para gestión de catálogo de películas con CRUD, autenticación Supabase, React Query y arquitectura modular.",
      "keywords": [
        "movie dashboard",
        "react",
        "supabase",
        "react query",
        "crud",
        "typescript",
      ],
      "title": "Movie Management Dashboard | Ezequiel Fernández",
    },
    "ogImage": "/og-image.png",
    "pathname": "/projects/movie-dashboard",
    "priority": 0.7,
    "schemaType": "WebPage",
    "titleI18nKey": "moviedashboardcasestudy:meta.title",
  },
  "projects/nexus-talent": {
    "changefreq": "monthly",
    "descI18nKey": "nexustalentcasestudy:meta.description",
    "en": {
      "description": "AI-assisted recruitment platform that transforms job descriptions into structured skill matrices and application strategies.",
      "keywords": [
        "nexus talent",
        "ai recruitment",
        "react",
        "typescript",
        "node.js",
        "portfolio",
      ],
      "title": "Nexus Talent | AI Recruitment Platform | Ezequiel Fernández",
    },
    "es": {
      "description": "Plataforma de reclutamiento asistida por IA que convierte descripciones de trabajo en matrices de skills y estrategias de postulación.",
      "keywords": [
        "nexus talent",
        "reclutamiento ia",
        "react",
        "typescript",
        "node.js",
        "portfolio",
      ],
      "title": "Nexus Talent | Plataforma de Reclutamiento con IA | Ezequiel Fernández",
    },
    "ogImage": "/og-image.png",
    "pathname": "/projects/nexus-talent",
    "priority": 0.7,
    "schemaType": "WebPage",
    "titleI18nKey": "nexustalentcasestudy:meta.title",
  },
}
`;
